[0;37m[00:31:15] [INFO] [0m
[0;37m[00:31:15] [INFO] ================================================================================[0m
[0;37m[00:31:15] [INFO] [0m
[0;37m[00:31:15] [INFO] ================================================================================[0m
[0;37m[00:31:15] [INFO] STARTING CMB FRAME ANALYSIS - ALL 18 COMBINATIONS[0m
[0;37m[00:31:15] [INFO] ================================================================================[0m
[0;37m[00:31:15] [INFO] [0m
[0;37m[00:31:15] [INFO] ================================================================================[0m
[0;37m[00:31:15] [INFO] Found 72 step_2_5 result files[0m
[0;34m[00:31:15] [PROCESS] 
[1/72] Analyzing all_stations/baseline/clock_bias/msc...[0m
[0;34m[00:31:15] [PROCESS] Grid searching background directions (1° resolution, 20 km/s fixed - matches CODE)...[0m
[0;34m[00:31:53] [PROCESS]   Computing bootstrap confidence intervals...[0m
[0;34m[00:33:13] [PROCESS]   Estimating global p-value (MC, N=1000, step=5°)...[0m
/Users/matthewsmawfield/www/Temporal Equivalence Principle/TEP-GNSS-RINEX/scripts/steps/step_2_7_cmb_frame_analysis.py:786: RuntimeWarning: divide by zero encountered in matmul
  correlations = (predictors_norm.T @ ratios_norm) / n_months
/Users/matthewsmawfield/www/Temporal Equivalence Principle/TEP-GNSS-RINEX/scripts/steps/step_2_7_cmb_frame_analysis.py:786: RuntimeWarning: overflow encountered in matmul
  correlations = (predictors_norm.T @ ratios_norm) / n_months
/Users/matthewsmawfield/www/Temporal Equivalence Principle/TEP-GNSS-RINEX/scripts/steps/step_2_7_cmb_frame_analysis.py:786: RuntimeWarning: invalid value encountered in matmul
  correlations = (predictors_norm.T @ ratios_norm) / n_months
[0;37m[00:33:13] [INFO]   Best: RA=348°, Dec=-35°, r=0.514, CMB sep=138.1°[0m
[0;34m[00:33:13] [PROCESS] 
[2/72] Analyzing all_stations/baseline/clock_bias/phase_alignment...[0m
[0;34m[00:33:13] [PROCESS] Grid searching background directions (1° resolution, 20 km/s fixed - matches CODE)...[0m
[0;34m[00:33:56] [PROCESS]   Computing bootstrap confidence intervals...[0m
[0;34m[00:35:19] [PROCESS]   Estimating global p-value (MC, N=1000, step=5°)...[0m
[0;37m[00:35:19] [INFO]   Best: RA=352°, Dec=-28°, r=0.519, CMB sep=144.8°[0m
[0;34m[00:35:19] [PROCESS] 
[3/72] Analyzing all_stations/baseline/pos_jitter/msc...[0m
[0;34m[00:35:19] [PROCESS] Grid searching background directions (1° resolution, 20 km/s fixed - matches CODE)...[0m
[0;34m[00:35:57] [PROCESS]   Computing bootstrap confidence intervals...[0m
[0;34m[00:37:13] [PROCESS]   Estimating global p-value (MC, N=1000, step=5°)...[0m
[0;37m[00:37:13] [INFO]   Best: RA=353°, Dec=-31°, r=0.572, CMB sep=141.8°[0m
[0;34m[00:37:13] [PROCESS] 
[4/72] Analyzing all_stations/baseline/pos_jitter/phase_alignment...[0m
[0;34m[00:37:13] [PROCESS] Grid searching background directions (1° resolution, 20 km/s fixed - matches CODE)...[0m
[0;34m[00:37:42] [PROCESS]   Computing bootstrap confidence intervals...[0m
[0;34m[00:38:59] [PROCESS]   Estimating global p-value (MC, N=1000, step=5°)...[0m
[0;37m[00:38:59] [INFO]   Best: RA=330°, Dec=-46°, r=0.468, CMB sep=124.7°[0m
[0;34m[00:38:59] [PROCESS] 
[5/72] Analyzing all_stations/baseline/clock_drift/msc...[0m
[0;34m[00:38:59] [PROCESS] Grid searching background directions (1° resolution, 20 km/s fixed - matches CODE)...[0m
[0;34m[00:39:31] [PROCESS]   Computing bootstrap confidence intervals...[0m
[0;34m[00:40:51] [PROCESS]   Estimating global p-value (MC, N=1000, step=5°)...[0m
[0;37m[00:40:51] [INFO]   Best: RA=350°, Dec=-34°, r=0.491, CMB sep=139.0°[0m
[0;34m[00:40:51] [PROCESS] 
[6/72] Analyzing all_stations/baseline/clock_drift/phase_alignment...[0m
[0;34m[00:40:51] [PROCESS] Grid searching background directions (1° resolution, 20 km/s fixed - matches CODE)...[0m
[0;34m[00:41:32] [PROCESS]   Computing bootstrap confidence intervals...[0m
[0;34m[00:42:55] [PROCESS]   Estimating global p-value (MC, N=1000, step=5°)...[0m
[0;37m[00:42:55] [INFO]   Best: RA=3°, Dec=-30°, r=0.298, CMB sep=140.3°[0m
[0;34m[00:42:55] [PROCESS] 
[7/72] Analyzing all_stations/precise/clock_bias/msc...[0m
[0;34m[00:42:55] [PROCESS] Grid searching background directions (1° resolution, 20 km/s fixed - matches CODE)...[0m
[0;34m[00:43:32] [PROCESS]   Computing bootstrap confidence intervals...[0m
