[00:31:15] [INFO] 
[00:31:15] [INFO] ================================================================================
[00:31:15] [INFO] 
[00:31:15] [INFO] ================================================================================
[00:31:15] [INFO] STARTING CMB FRAME ANALYSIS - ALL 18 COMBINATIONS
[00:31:15] [INFO] ================================================================================
[00:31:15] [INFO] 
[00:31:15] [INFO] ================================================================================
[00:31:15] [INFO] Found 72 step_2_5 result files
[00:31:15] [PROCESS] 
[1/72] Analyzing all_stations/baseline/clock_bias/msc...
[00:31:15] [PROCESS] Grid searching background directions (1° resolution, 20 km/s fixed - matches CODE)...
[00:31:53] [PROCESS]   Computing bootstrap confidence intervals...
[00:33:13] [PROCESS]   Estimating global p-value (MC, N=1000, step=5°)...
[00:33:13] [INFO]   Best: RA=348°, Dec=-35°, r=0.514, CMB sep=138.1°
[00:33:13] [PROCESS] 
[2/72] Analyzing all_stations/baseline/clock_bias/phase_alignment...
[00:33:13] [PROCESS] Grid searching background directions (1° resolution, 20 km/s fixed - matches CODE)...
[00:33:56] [PROCESS]   Computing bootstrap confidence intervals...
[00:35:19] [PROCESS]   Estimating global p-value (MC, N=1000, step=5°)...
[00:35:19] [INFO]   Best: RA=352°, Dec=-28°, r=0.519, CMB sep=144.8°
[00:35:19] [PROCESS] 
[3/72] Analyzing all_stations/baseline/pos_jitter/msc...
[00:35:19] [PROCESS] Grid searching background directions (1° resolution, 20 km/s fixed - matches CODE)...
[00:35:57] [PROCESS]   Computing bootstrap confidence intervals...
[00:37:13] [PROCESS]   Estimating global p-value (MC, N=1000, step=5°)...
[00:37:13] [INFO]   Best: RA=353°, Dec=-31°, r=0.572, CMB sep=141.8°
[00:37:13] [PROCESS] 
[4/72] Analyzing all_stations/baseline/pos_jitter/phase_alignment...
[00:37:13] [PROCESS] Grid searching background directions (1° resolution, 20 km/s fixed - matches CODE)...
[00:37:42] [PROCESS]   Computing bootstrap confidence intervals...
[00:38:59] [PROCESS]   Estimating global p-value (MC, N=1000, step=5°)...
[00:38:59] [INFO]   Best: RA=330°, Dec=-46°, r=0.468, CMB sep=124.7°
[00:38:59] [PROCESS] 
[5/72] Analyzing all_stations/baseline/clock_drift/msc...
[00:38:59] [PROCESS] Grid searching background directions (1° resolution, 20 km/s fixed - matches CODE)...
[00:39:31] [PROCESS]   Computing bootstrap confidence intervals...
[00:40:51] [PROCESS]   Estimating global p-value (MC, N=1000, step=5°)...
[00:40:51] [INFO]   Best: RA=350°, Dec=-34°, r=0.491, CMB sep=139.0°
[00:40:51] [PROCESS] 
[6/72] Analyzing all_stations/baseline/clock_drift/phase_alignment...
[00:40:51] [PROCESS] Grid searching background directions (1° resolution, 20 km/s fixed - matches CODE)...
[00:41:32] [PROCESS]   Computing bootstrap confidence intervals...
[00:42:55] [PROCESS]   Estimating global p-value (MC, N=1000, step=5°)...
[00:42:55] [INFO]   Best: RA=3°, Dec=-30°, r=0.298, CMB sep=140.3°
[00:42:55] [PROCESS] 
[7/72] Analyzing all_stations/precise/clock_bias/msc...
[00:42:55] [PROCESS] Grid searching background directions (1° resolution, 20 km/s fixed - matches CODE)...
[00:43:32] [PROCESS]   Computing bootstrap confidence intervals...
